#! /usr/bin/vvp
:ivl_version "12.0 (stable)";
:ivl_delay_selection "TYPICAL";
:vpi_time_precision + 0;
:vpi_module "/usr/lib/x86_64-linux-gnu/ivl/system.vpi";
:vpi_module "/usr/lib/x86_64-linux-gnu/ivl/vhdl_sys.vpi";
:vpi_module "/usr/lib/x86_64-linux-gnu/ivl/vhdl_textio.vpi";
:vpi_module "/usr/lib/x86_64-linux-gnu/ivl/v2005_math.vpi";
:vpi_module "/usr/lib/x86_64-linux-gnu/ivl/va_math.vpi";
:vpi_module "/usr/lib/x86_64-linux-gnu/ivl/v2009.vpi";
S_0x5d23b2041350 .scope package, "$unit" "$unit" 2 1;
 .timescale 0 0;
S_0x5d23b2005490 .scope module, "tb_round_robin" "tb_round_robin" 3 1;
 .timescale 0 0;
P_0x5d23b2019680 .param/l "CLK_PERIOD" 1 3 3, +C4<00000000000000000000000000001010>;
v0x5d23b2073390_0 .var "clk", 0 0;
v0x5d23b2073450_0 .var/2s "errors", 31 0;
v0x5d23b2073510_0 .net "exp_gnt", 3 0, L_0x5d23b20742a0;  1 drivers
v0x5d23b20735d0_0 .net "gnt_o", 3 0, L_0x5d23b20740c0;  1 drivers
v0x5d23b20736c0_0 .var "ref_prior", 3 0;
v0x5d23b20737d0_0 .var "req_i", 3 0;
v0x5d23b2073890_0 .var "reset", 0 0;
L_0x5d23b20742a0 .ufunc/vec4 TD_tb_round_robin.compute_grant, 4, v0x5d23b20737d0_0, v0x5d23b20736c0_0 (v0x5d23b20513f0_0, v0x5d23b2050c60_0) S_0x5d23b2071a40;
S_0x5d23b2005670 .scope autotask, "check" "check" 3 63, 3 63 0, S_0x5d23b2005490;
 .timescale 0 0;
v0x5d23b203ca50_0 .var/str "label";
TD_tb_round_robin.check ;
    %delay 1, 0;
    %load/vec4 v0x5d23b20735d0_0;
    %load/vec4 v0x5d23b2073510_0;
    %cmp/ne;
    %jmp/0xz  T_0.0, 6;
    %vpi_call/w 3 66 "$display", "FAIL [%s]: req_i=%b gnt_o=%b (expected %b)", v0x5d23b203ca50_0, v0x5d23b20737d0_0, v0x5d23b20735d0_0, v0x5d23b2073510_0 {0 0 0};
    ; show_stmt_assign_vector: Get l-value for compressed += operand
    %load/vec4 v0x5d23b2073450_0;
    %pushi/vec4 1, 0, 32;
    %add;
    %cast2;
    %store/vec4 v0x5d23b2073450_0, 0, 32;
    %jmp T_0.1;
T_0.0 ;
    %vpi_call/w 3 70 "$display", "PASS [%s]: req_i=%b gnt_o=%b", v0x5d23b203ca50_0, v0x5d23b20737d0_0, v0x5d23b20735d0_0 {0 0 0};
T_0.1 ;
    %end;
S_0x5d23b2071a40 .scope autofunction.vec4.s4, "compute_grant" "compute_grant" 3 38, 3 38 0, S_0x5d23b2005490;
 .timescale 0 0;
; Variable compute_grant is vec4 return value of scope S_0x5d23b2071a40
v0x5d23b204fca0_0 .var "mask", 3 0;
v0x5d23b2050470_0 .var "masked_req", 3 0;
v0x5d23b2050c60_0 .var "prior_onehot", 3 0;
v0x5d23b20513f0_0 .var "req", 3 0;
TD_tb_round_robin.compute_grant ;
    %load/vec4 v0x5d23b2050c60_0;
    %subi 1, 0, 4;
    %inv;
    %store/vec4 v0x5d23b204fca0_0, 0, 4;
    %load/vec4 v0x5d23b20513f0_0;
    %load/vec4 v0x5d23b204fca0_0;
    %and;
    %store/vec4 v0x5d23b2050470_0, 0, 4;
    %load/vec4 v0x5d23b2050470_0;
    %cmpi/ne 0, 0, 4;
    %flag_mov 8, 4;
    %jmp/0 T_1.2, 8;
    %load/vec4 v0x5d23b2050470_0;
    %load/vec4 v0x5d23b2050470_0;
    %inv;
    %addi 1, 0, 4;
    %and;
    %jmp/1 T_1.3, 8;
T_1.2 ; End of true expr.
    %load/vec4 v0x5d23b20513f0_0;
    %load/vec4 v0x5d23b20513f0_0;
    %inv;
    %addi 1, 0, 4;
    %and;
    %jmp/0 T_1.3, 8;
 ; End of false expr.
    %blend;
T_1.3;
    %ret/vec4 0, 0, 4;  Assign to compute_grant (store_vec4_to_lval)
    %end;
S_0x5d23b2071db0 .scope module, "dut" "round_robin" 3 17, 4 1 0, S_0x5d23b2005490;
 .timescale 0 0;
    .port_info 0 /INPUT 1 "clk";
    .port_info 1 /INPUT 1 "reset";
    .port_info 2 /INPUT 4 "req_i";
    .port_info 3 /OUTPUT 4 "gnt_o";
L_0x5d23b203d490 .functor NOT 4, L_0x5d23b2073990, C4<0000>, C4<0000>, C4<0000>;
L_0x5d23b204fb00 .functor AND 4, v0x5d23b20737d0_0, L_0x5d23b203d490, C4<1111>, C4<1111>;
L_0x5d23b2050310 .functor NOT 4, L_0x5d23b204fb00, C4<0000>, C4<0000>, C4<0000>;
L_0x5d23b2050b00 .functor AND 4, L_0x5d23b204fb00, L_0x5d23b2073d40, C4<1111>, C4<1111>;
L_0x5d23b2051290 .functor NOT 4, v0x5d23b20737d0_0, C4<0000>, C4<0000>, C4<0000>;
L_0x5d23b20515b0 .functor AND 4, v0x5d23b20737d0_0, L_0x5d23b2073ee0, C4<1111>, C4<1111>;
L_0x794e12129018 .functor BUFT 1, C4<0001>, C4<0>, C4<0>, C4<0>;
v0x5d23b2051710_0 .net/2u *"_ivl_0", 3 0, L_0x794e12129018;  1 drivers
v0x5d23b2072010_0 .net *"_ivl_10", 0 0, L_0x5d23b2073bd0;  1 drivers
v0x5d23b20720d0_0 .net *"_ivl_12", 3 0, L_0x5d23b2050310;  1 drivers
L_0x794e121290a8 .functor BUFT 1, C4<0001>, C4<0>, C4<0>, C4<0>;
v0x5d23b2072190_0 .net/2u *"_ivl_14", 3 0, L_0x794e121290a8;  1 drivers
v0x5d23b2072270_0 .net *"_ivl_16", 3 0, L_0x5d23b2073d40;  1 drivers
v0x5d23b20723a0_0 .net *"_ivl_18", 3 0, L_0x5d23b2050b00;  1 drivers
v0x5d23b2072480_0 .net *"_ivl_2", 3 0, L_0x5d23b2073990;  1 drivers
v0x5d23b2072560_0 .net *"_ivl_20", 3 0, L_0x5d23b2051290;  1 drivers
L_0x794e121290f0 .functor BUFT 1, C4<0001>, C4<0>, C4<0>, C4<0>;
v0x5d23b2072640_0 .net/2u *"_ivl_22", 3 0, L_0x794e121290f0;  1 drivers
v0x5d23b2072720_0 .net *"_ivl_24", 3 0, L_0x5d23b2073ee0;  1 drivers
v0x5d23b2072800_0 .net *"_ivl_26", 3 0, L_0x5d23b20515b0;  1 drivers
L_0x794e12129060 .functor BUFT 1, C4<0000>, C4<0>, C4<0>, C4<0>;
v0x5d23b20728e0_0 .net/2u *"_ivl_8", 3 0, L_0x794e12129060;  1 drivers
v0x5d23b20729c0_0 .net "clk", 0 0, v0x5d23b2073390_0;  1 drivers
v0x5d23b2072a80_0 .net "gnt_o", 3 0, L_0x5d23b20740c0;  alias, 1 drivers
v0x5d23b2072b60_0 .net "mask", 3 0, L_0x5d23b203d490;  1 drivers
v0x5d23b2072c40_0 .net "masked_req", 3 0, L_0x5d23b204fb00;  1 drivers
v0x5d23b2072d20_0 .var "prior_reg", 3 0;
v0x5d23b2072e00_0 .net "req_i", 3 0, v0x5d23b20737d0_0;  1 drivers
v0x5d23b2072ee0_0 .net "reset", 0 0, v0x5d23b2073890_0;  1 drivers
E_0x5d23b203eef0 .event posedge, v0x5d23b20729c0_0;
L_0x5d23b2073990 .arith/sub 4, v0x5d23b2072d20_0, L_0x794e12129018;
L_0x5d23b2073bd0 .cmp/ne 4, L_0x5d23b204fb00, L_0x794e12129060;
L_0x5d23b2073d40 .arith/sum 4, L_0x5d23b2050310, L_0x794e121290a8;
L_0x5d23b2073ee0 .arith/sum 4, L_0x5d23b2051290, L_0x794e121290f0;
L_0x5d23b20740c0 .functor MUXZ 4, L_0x5d23b20515b0, L_0x5d23b2050b00, L_0x5d23b2073bd0, C4<>;
S_0x5d23b2073020 .scope autofunction.vec4.s4, "next_prior" "next_prior" 3 48, 3 48 0, S_0x5d23b2005490;
 .timescale 0 0;
v0x5d23b20731b0_0 .var "grant", 3 0;
; Variable next_prior is vec4 return value of scope S_0x5d23b2073020
TD_tb_round_robin.next_prior ;
    %load/vec4 v0x5d23b20731b0_0;
    %parti/s 3, 0, 2;
    %load/vec4 v0x5d23b20731b0_0;
    %parti/s 1, 3, 3;
    %concat/vec4; draw_concat_vec4
    %ret/vec4 0, 0, 4;  Assign to next_prior (store_vec4_to_lval)
    %end;
    .scope S_0x5d23b2071db0;
T_3 ;
    %wait E_0x5d23b203eef0;
    %load/vec4 v0x5d23b2072ee0_0;
    %flag_set/vec4 8;
    %jmp/0xz  T_3.0, 8;
    %pushi/vec4 1, 0, 4;
    %assign/vec4 v0x5d23b2072d20_0, 0;
    %jmp T_3.1;
T_3.0 ;
    %load/vec4 v0x5d23b2072e00_0;
    %or/r;
    %flag_set/vec4 8;
    %jmp/0xz  T_3.2, 8;
    %load/vec4 v0x5d23b2072a80_0;
    %parti/s 3, 0, 2;
    %load/vec4 v0x5d23b2072a80_0;
    %parti/s 1, 3, 3;
    %concat/vec4; draw_concat_vec4
    %assign/vec4 v0x5d23b2072d20_0, 0;
T_3.2 ;
T_3.1 ;
    %jmp T_3;
    .thread T_3;
    .scope S_0x5d23b2005490;
T_4 ;
    %pushi/vec4 0, 0, 32;
    %store/vec4 v0x5d23b2073450_0, 0, 32;
    %end;
    .thread T_4, $init;
    .scope S_0x5d23b2005490;
T_5 ;
    %pushi/vec4 0, 0, 1;
    %store/vec4 v0x5d23b2073390_0, 0, 1;
    %end;
    .thread T_5;
    .scope S_0x5d23b2005490;
T_6 ;
    %delay 5, 0;
    %load/vec4 v0x5d23b2073390_0;
    %inv;
    %store/vec4 v0x5d23b2073390_0, 0, 1;
    %jmp T_6;
    .thread T_6;
    .scope S_0x5d23b2005490;
T_7 ;
    %vpi_call/w 3 30 "$dumpfile", "tb_round_robin.vcd" {0 0 0};
    %vpi_call/w 3 31 "$dumpvars", 32'sb00000000000000000000000000000000, S_0x5d23b2005490 {0 0 0};
    %end;
    .thread T_7;
    .scope S_0x5d23b2005490;
T_8 ;
    %wait E_0x5d23b203eef0;
    %load/vec4 v0x5d23b2073890_0;
    %flag_set/vec4 8;
    %jmp/0xz  T_8.0, 8;
    %pushi/vec4 1, 0, 4;
    %assign/vec4 v0x5d23b20736c0_0, 0;
    %jmp T_8.1;
T_8.0 ;
    %load/vec4 v0x5d23b20737d0_0;
    %or/r;
    %flag_set/vec4 8;
    %jmp/0xz  T_8.2, 8;
    %alloc S_0x5d23b2073020;
    %load/vec4 v0x5d23b2073510_0;
    %store/vec4 v0x5d23b20731b0_0, 0, 4;
    %callf/vec4 TD_tb_round_robin.next_prior, S_0x5d23b2073020;
    %free S_0x5d23b2073020;
    %assign/vec4 v0x5d23b20736c0_0, 0;
T_8.2 ;
T_8.1 ;
    %jmp T_8;
    .thread T_8;
    .scope S_0x5d23b2005490;
T_9 ;
    %vpi_call/w 3 75 "$display", "Starting round_robin testbench..." {0 0 0};
    %pushi/vec4 1, 0, 1;
    %store/vec4 v0x5d23b2073890_0, 0, 1;
    %pushi/vec4 0, 0, 4;
    %store/vec4 v0x5d23b20737d0_0, 0, 4;
    %wait E_0x5d23b203eef0;
    %wait E_0x5d23b203eef0;
    %pushi/vec4 0, 0, 1;
    %store/vec4 v0x5d23b2073890_0, 0, 1;
    %alloc S_0x5d23b2005670;
    %pushi/str "after reset";
    %store/str v0x5d23b203ca50_0;
    %fork TD_tb_round_robin.check, S_0x5d23b2005670;
    %join;
    %free S_0x5d23b2005670;
    %pushi/vec4 1, 0, 4;
    %store/vec4 v0x5d23b20737d0_0, 0, 4;
    %wait E_0x5d23b203eef0;
    %alloc S_0x5d23b2005670;
    %pushi/str "single req, bit0";
    %store/str v0x5d23b203ca50_0;
    %fork TD_tb_round_robin.check, S_0x5d23b2005670;
    %join;
    %free S_0x5d23b2005670;
    %pushi/vec4 2, 0, 4;
    %store/vec4 v0x5d23b20737d0_0, 0, 4;
    %wait E_0x5d23b203eef0;
    %alloc S_0x5d23b2005670;
    %pushi/str "single req, bit1";
    %store/str v0x5d23b203ca50_0;
    %fork TD_tb_round_robin.check, S_0x5d23b2005670;
    %join;
    %free S_0x5d23b2005670;
    %pushi/vec4 4, 0, 4;
    %store/vec4 v0x5d23b20737d0_0, 0, 4;
    %wait E_0x5d23b203eef0;
    %alloc S_0x5d23b2005670;
    %pushi/str "single req, bit2";
    %store/str v0x5d23b203ca50_0;
    %fork TD_tb_round_robin.check, S_0x5d23b2005670;
    %join;
    %free S_0x5d23b2005670;
    %pushi/vec4 8, 0, 4;
    %store/vec4 v0x5d23b20737d0_0, 0, 4;
    %wait E_0x5d23b203eef0;
    %alloc S_0x5d23b2005670;
    %pushi/str "single req, bit3";
    %store/str v0x5d23b203ca50_0;
    %fork TD_tb_round_robin.check, S_0x5d23b2005670;
    %join;
    %free S_0x5d23b2005670;
    %pushi/vec4 0, 0, 4;
    %store/vec4 v0x5d23b20737d0_0, 0, 4;
    %wait E_0x5d23b203eef0;
    %alloc S_0x5d23b2005670;
    %pushi/str "no request, deasserted";
    %store/str v0x5d23b203ca50_0;
    %fork TD_tb_round_robin.check, S_0x5d23b2005670;
    %join;
    %free S_0x5d23b2005670;
    %pushi/vec4 1, 0, 4;
    %store/vec4 v0x5d23b20737d0_0, 0, 4;
    %wait E_0x5d23b203eef0;
    %alloc S_0x5d23b2005670;
    %pushi/str "bit0 requests again";
    %store/str v0x5d23b203ca50_0;
    %fork TD_tb_round_robin.check, S_0x5d23b2005670;
    %join;
    %free S_0x5d23b2005670;
    %wait E_0x5d23b203eef0;
    %alloc S_0x5d23b2005670;
    %pushi/str "bit0 still requesting";
    %store/str v0x5d23b203ca50_0;
    %fork TD_tb_round_robin.check, S_0x5d23b2005670;
    %join;
    %free S_0x5d23b2005670;
    %pushi/vec4 15, 0, 4;
    %store/vec4 v0x5d23b20737d0_0, 0, 4;
    %wait E_0x5d23b203eef0;
    %alloc S_0x5d23b2005670;
    %pushi/str "all req, cycle 1";
    %store/str v0x5d23b203ca50_0;
    %fork TD_tb_round_robin.check, S_0x5d23b2005670;
    %join;
    %free S_0x5d23b2005670;
    %wait E_0x5d23b203eef0;
    %alloc S_0x5d23b2005670;
    %pushi/str "all req, cycle 2";
    %store/str v0x5d23b203ca50_0;
    %fork TD_tb_round_robin.check, S_0x5d23b2005670;
    %join;
    %free S_0x5d23b2005670;
    %wait E_0x5d23b203eef0;
    %alloc S_0x5d23b2005670;
    %pushi/str "all req, cycle 3";
    %store/str v0x5d23b203ca50_0;
    %fork TD_tb_round_robin.check, S_0x5d23b2005670;
    %join;
    %free S_0x5d23b2005670;
    %wait E_0x5d23b203eef0;
    %alloc S_0x5d23b2005670;
    %pushi/str "all req, cycle 4";
    %store/str v0x5d23b203ca50_0;
    %fork TD_tb_round_robin.check, S_0x5d23b2005670;
    %join;
    %free S_0x5d23b2005670;
    %wait E_0x5d23b203eef0;
    %alloc S_0x5d23b2005670;
    %pushi/str "all req, cycle 5 (wraps)";
    %store/str v0x5d23b203ca50_0;
    %fork TD_tb_round_robin.check, S_0x5d23b2005670;
    %join;
    %free S_0x5d23b2005670;
    %pushi/vec4 5, 0, 4;
    %store/vec4 v0x5d23b20737d0_0, 0, 4;
    %wait E_0x5d23b203eef0;
    %alloc S_0x5d23b2005670;
    %pushi/str "req bits 0 & 2, pass 1";
    %store/str v0x5d23b203ca50_0;
    %fork TD_tb_round_robin.check, S_0x5d23b2005670;
    %join;
    %free S_0x5d23b2005670;
    %wait E_0x5d23b203eef0;
    %alloc S_0x5d23b2005670;
    %pushi/str "req bits 0 & 2, pass 2";
    %store/str v0x5d23b203ca50_0;
    %fork TD_tb_round_robin.check, S_0x5d23b2005670;
    %join;
    %free S_0x5d23b2005670;
    %pushi/vec4 10, 0, 4;
    %store/vec4 v0x5d23b20737d0_0, 0, 4;
    %wait E_0x5d23b203eef0;
    %alloc S_0x5d23b2005670;
    %pushi/str "req bits 1 & 3, pass 1";
    %store/str v0x5d23b203ca50_0;
    %fork TD_tb_round_robin.check, S_0x5d23b2005670;
    %join;
    %free S_0x5d23b2005670;
    %pushi/vec4 1, 0, 4;
    %store/vec4 v0x5d23b20737d0_0, 0, 4;
    %wait E_0x5d23b203eef0;
    %alloc S_0x5d23b2005670;
    %pushi/str "switch to bit0 only";
    %store/str v0x5d23b203ca50_0;
    %fork TD_tb_round_robin.check, S_0x5d23b2005670;
    %join;
    %free S_0x5d23b2005670;
    %pushi/vec4 15, 0, 4;
    %store/vec4 v0x5d23b20737d0_0, 0, 4;
    %wait E_0x5d23b203eef0;
    %pushi/vec4 1, 0, 1;
    %store/vec4 v0x5d23b2073890_0, 0, 1;
    %wait E_0x5d23b203eef0;
    %pushi/vec4 0, 0, 1;
    %store/vec4 v0x5d23b2073890_0, 0, 1;
    %alloc S_0x5d23b2005670;
    %pushi/str "after mid-operation reset";
    %store/str v0x5d23b203ca50_0;
    %fork TD_tb_round_robin.check, S_0x5d23b2005670;
    %join;
    %free S_0x5d23b2005670;
    %delay 10, 0;
    %load/vec4 v0x5d23b2073450_0;
    %cmpi/e 0, 0, 32;
    %jmp/0xz  T_9.0, 4;
    %vpi_call/w 3 138 "$display", "ALL TESTS PASSED" {0 0 0};
    %jmp T_9.1;
T_9.0 ;
    %vpi_call/w 3 140 "$display", "TESTS FAILED: %0d error(s)", v0x5d23b2073450_0 {0 0 0};
T_9.1 ;
    %vpi_call/w 3 142 "$finish" {0 0 0};
    %end;
    .thread T_9;
# The file index is used to find the file name in the following table.
:file_names 5;
    "N/A";
    "<interactive>";
    "-";
    "arbiters/tb_round_robin.sv";
    "arbiters/round_robin.sv";
