#! /c/iverilog/bin/vvp
:ivl_version "12.0 (devel)" "(s20150603-965-g55e06db6)";
:ivl_delay_selection "TYPICAL";
:vpi_time_precision + 0;
:vpi_module "C:\iverilog\lib\ivl\system.vpi";
:vpi_module "C:\iverilog\lib\ivl\vhdl_sys.vpi";
:vpi_module "C:\iverilog\lib\ivl\vhdl_textio.vpi";
:vpi_module "C:\iverilog\lib\ivl\v2005_math.vpi";
:vpi_module "C:\iverilog\lib\ivl\va_math.vpi";
:vpi_module "C:\iverilog\lib\ivl\v2009.vpi";
S_00000000010b1570 .scope package, "$unit" "$unit" 2 1;
 .timescale 0 0;
S_00000000010b46b0 .scope module, "tb_fixed_pri_arbiter" "tb_fixed_pri_arbiter" 3 1;
 .timescale 0 0;
P_00000000010b2950 .param/l "N" 1 3 3, +C4<00000000000000000000000000001000>;
v0000000001118730_0 .var/2s "errors", 31 0;
v00000000011173d0_0 .net "gnt", 7 0, L_00000000010ac5b0;  1 drivers
v00000000011184b0_0 .var "req", 7 0;
S_00000000010b1c70 .scope begin, "$ivl_for_loop0" "$ivl_for_loop0" 3 49, 3 49 0, S_00000000010b46b0;
 .timescale 0 0;
v00000000010aa310_0 .var/2s "i", 31 0;
S_0000000001082f30 .scope autotask, "check" "check" 3 28, 3 28 0, S_00000000010b46b0;
 .timescale 0 0;
v00000000010aac70_0 .var "exp", 7 0;
v00000000010aa1d0_0 .var/str "label";
TD_tb_fixed_pri_arbiter.check ;
    %delay 1, 0;
    %alloc S_0000000001119610;
    %load/vec4 v00000000011184b0_0;
    %store/vec4 v0000000001118370_0, 0, 8;
    %callf/vec4 TD_tb_fixed_pri_arbiter.expected_gnt, S_0000000001119610;
    %free S_0000000001119610;
    %store/vec4 v00000000010aac70_0, 0, 8;
    %load/vec4 v00000000011173d0_0;
    %load/vec4 v00000000010aac70_0;
    %cmp/ne;
    %jmp/0xz  T_0.0, 6;
    %vpi_call/w 3 33 "$display", "FAIL [%s]: req=%b gnt=%b (expected %b)", v00000000010aa1d0_0, v00000000011184b0_0, v00000000011173d0_0, v00000000010aac70_0 {0 0 0};
    ; show_stmt_assign_vector: Get l-value for compressed += operand
    %load/vec4 v0000000001118730_0;
    %pushi/vec4 1, 0, 32;
    %add;
    %cast2;
    %store/vec4 v0000000001118730_0, 0, 32;
    %jmp T_0.1;
T_0.0 ;
    %vpi_call/w 3 37 "$display", "PASS [%s]: req=%b gnt=%b", v00000000010aa1d0_0, v00000000011184b0_0, v00000000011173d0_0 {0 0 0};
T_0.1 ;
    %end;
S_00000000010830c0 .scope module, "dut" "fixed_pri_arbiter" 3 11, 4 1 0, S_00000000010b46b0;
 .timescale 0 0;
    .port_info 0 /INPUT 8 "req";
    .port_info 1 /OUTPUT 8 "gnt";
P_00000000010b2990 .param/l "N" 0 4 2, +C4<00000000000000000000000000001000>;
L_00000000010ac540 .functor NOT 8, L_0000000001118910, C4<00000000>, C4<00000000>, C4<00000000>;
L_00000000010ac5b0 .functor AND 8, v00000000011184b0_0, L_00000000010ac540, C4<11111111>, C4<11111111>;
L_0000000001119fb8 .functor BUFT 1, C4<0>, C4<0>, C4<0>, C4<0>;
v0000000001117c90_0 .net/2u *"_ivl_31", 0 0, L_0000000001119fb8;  1 drivers
v0000000001117ab0_0 .net *"_ivl_33", 7 0, L_00000000010ac540;  1 drivers
v0000000001118550_0 .net "gnt", 7 0, L_00000000010ac5b0;  alias, 1 drivers
v0000000001117510_0 .net "higher_pri_req", 7 0, L_0000000001118910;  1 drivers
v00000000011171f0_0 .net "req", 7 0, v00000000011184b0_0;  1 drivers
L_00000000011175b0 .part L_0000000001118910, 0, 1;
L_0000000001117650 .part v00000000011184b0_0, 0, 1;
L_00000000011176f0 .part L_0000000001118910, 1, 1;
L_0000000001117830 .part v00000000011184b0_0, 1, 1;
L_0000000001118410 .part L_0000000001118910, 2, 1;
L_0000000001116d90 .part v00000000011184b0_0, 2, 1;
L_0000000001117f10 .part L_0000000001118910, 3, 1;
L_00000000011178d0 .part v00000000011184b0_0, 3, 1;
L_00000000011185f0 .part L_0000000001118910, 4, 1;
L_0000000001117970 .part v00000000011184b0_0, 4, 1;
L_0000000001117d30 .part L_0000000001118910, 5, 1;
L_0000000001118b90 .part v00000000011184b0_0, 5, 1;
L_0000000001117dd0 .part L_0000000001118910, 6, 1;
L_0000000001116f70 .part v00000000011184b0_0, 6, 1;
LS_0000000001118910_0_0 .concat8 [ 1 1 1 1], L_0000000001119fb8, L_00000000010ac380, L_00000000010ac0e0, L_00000000010ac150;
LS_0000000001118910_0_4 .concat8 [ 1 1 1 1], L_00000000010ac3f0, L_00000000010ac460, L_00000000010abeb0, L_00000000010ac4d0;
L_0000000001118910 .concat8 [ 4 4 0 0], LS_0000000001118910_0_0, LS_0000000001118910_0_4;
S_0000000001083250 .scope generate, "gen_higher_pri[0]" "gen_higher_pri[0]" 4 13, 4 13 0, S_00000000010830c0;
 .timescale 0 0;
P_00000000010b2a10 .param/l "i" 0 4 13, +C4<00>;
L_00000000010ac380 .functor OR 1, L_00000000011175b0, L_0000000001117650, C4<0>, C4<0>;
v00000000010aa9f0_0 .net *"_ivl_0", 0 0, L_00000000011175b0;  1 drivers
v00000000011187d0_0 .net *"_ivl_1", 0 0, L_0000000001117650;  1 drivers
v0000000001117a10_0 .net *"_ivl_2", 0 0, L_00000000010ac380;  1 drivers
S_0000000001118cb0 .scope generate, "gen_higher_pri[1]" "gen_higher_pri[1]" 4 13, 4 13 0, S_00000000010830c0;
 .timescale 0 0;
P_00000000010b29d0 .param/l "i" 0 4 13, +C4<01>;
L_00000000010ac0e0 .functor OR 1, L_00000000011176f0, L_0000000001117830, C4<0>, C4<0>;
v0000000001117b50_0 .net *"_ivl_0", 0 0, L_00000000011176f0;  1 drivers
v00000000011180f0_0 .net *"_ivl_1", 0 0, L_0000000001117830;  1 drivers
v0000000001117790_0 .net *"_ivl_2", 0 0, L_00000000010ac0e0;  1 drivers
S_0000000001118e40 .scope generate, "gen_higher_pri[2]" "gen_higher_pri[2]" 4 13, 4 13 0, S_00000000010830c0;
 .timescale 0 0;
P_00000000010b5fb0 .param/l "i" 0 4 13, +C4<010>;
L_00000000010ac150 .functor OR 1, L_0000000001118410, L_0000000001116d90, C4<0>, C4<0>;
v0000000001118190_0 .net *"_ivl_0", 0 0, L_0000000001118410;  1 drivers
v0000000001118230_0 .net *"_ivl_1", 0 0, L_0000000001116d90;  1 drivers
v00000000011182d0_0 .net *"_ivl_2", 0 0, L_00000000010ac150;  1 drivers
S_0000000001118fd0 .scope generate, "gen_higher_pri[3]" "gen_higher_pri[3]" 4 13, 4 13 0, S_00000000010830c0;
 .timescale 0 0;
P_00000000010b6630 .param/l "i" 0 4 13, +C4<011>;
L_00000000010ac3f0 .functor OR 1, L_0000000001117f10, L_00000000011178d0, C4<0>, C4<0>;
v0000000001117330_0 .net *"_ivl_0", 0 0, L_0000000001117f10;  1 drivers
v0000000001118af0_0 .net *"_ivl_1", 0 0, L_00000000011178d0;  1 drivers
v0000000001117bf0_0 .net *"_ivl_2", 0 0, L_00000000010ac3f0;  1 drivers
S_0000000001119160 .scope generate, "gen_higher_pri[4]" "gen_higher_pri[4]" 4 13, 4 13 0, S_00000000010830c0;
 .timescale 0 0;
P_00000000010b6ab0 .param/l "i" 0 4 13, +C4<0100>;
L_00000000010ac460 .functor OR 1, L_00000000011185f0, L_0000000001117970, C4<0>, C4<0>;
v0000000001117e70_0 .net *"_ivl_0", 0 0, L_00000000011185f0;  1 drivers
v0000000001118870_0 .net *"_ivl_1", 0 0, L_0000000001117970;  1 drivers
v0000000001117fb0_0 .net *"_ivl_2", 0 0, L_00000000010ac460;  1 drivers
S_00000000011192f0 .scope generate, "gen_higher_pri[5]" "gen_higher_pri[5]" 4 13, 4 13 0, S_00000000010830c0;
 .timescale 0 0;
P_00000000010b6670 .param/l "i" 0 4 13, +C4<0101>;
L_00000000010abeb0 .functor OR 1, L_0000000001117d30, L_0000000001118b90, C4<0>, C4<0>;
v00000000011170b0_0 .net *"_ivl_0", 0 0, L_0000000001117d30;  1 drivers
v0000000001117150_0 .net *"_ivl_1", 0 0, L_0000000001118b90;  1 drivers
v0000000001117470_0 .net *"_ivl_2", 0 0, L_00000000010abeb0;  1 drivers
S_0000000001119480 .scope generate, "gen_higher_pri[6]" "gen_higher_pri[6]" 4 13, 4 13 0, S_00000000010830c0;
 .timescale 0 0;
P_00000000010b5db0 .param/l "i" 0 4 13, +C4<0110>;
L_00000000010ac4d0 .functor OR 1, L_0000000001117dd0, L_0000000001116f70, C4<0>, C4<0>;
v0000000001118690_0 .net *"_ivl_0", 0 0, L_0000000001117dd0;  1 drivers
v0000000001116e30_0 .net *"_ivl_1", 0 0, L_0000000001116f70;  1 drivers
v00000000011189b0_0 .net *"_ivl_2", 0 0, L_00000000010ac4d0;  1 drivers
S_0000000001119610 .scope autofunction.vec4.s8, "expected_gnt" "expected_gnt" 3 24, 3 24 0, S_00000000010b46b0;
 .timescale 0 0;
; Variable expected_gnt is vec4 return value of scope S_0000000001119610
v0000000001118370_0 .var "r", 7 0;
TD_tb_fixed_pri_arbiter.expected_gnt ;
    %load/vec4 v0000000001118370_0;
    %load/vec4 v0000000001118370_0;
    %inv;
    %addi 1, 0, 8;
    %and;
    %ret/vec4 0, 0, 8;  Assign to expected_gnt (store_vec4_to_lval)
    %end;
    .scope S_00000000010b46b0;
T_2 ;
    %pushi/vec4 0, 0, 32;
    %store/vec4 v0000000001118730_0, 0, 32;
    %end;
    .thread T_2, $init;
    .scope S_00000000010b46b0;
T_3 ;
    %vpi_call/w 3 18 "$dumpfile", "tb_fixed_pri_arbiter.vcd" {0 0 0};
    %vpi_call/w 3 19 "$dumpvars", 32'sb00000000000000000000000000000000, S_00000000010b46b0 {0 0 0};
    %end;
    .thread T_3;
    .scope S_00000000010b46b0;
T_4 ;
    %vpi_call/w 3 42 "$display", "Starting fixed_pri_arbiter testbench..." {0 0 0};
    %pushi/vec4 0, 0, 8;
    %store/vec4 v00000000011184b0_0, 0, 8;
    %alloc S_0000000001082f30;
    %pushi/str "no requests";
    %store/str v00000000010aa1d0_0;
    %fork TD_tb_fixed_pri_arbiter.check, S_0000000001082f30;
    %join;
    %free S_0000000001082f30;
    %fork t_1, S_00000000010b1c70;
    %jmp t_0;
    .scope S_00000000010b1c70;
t_1 ;
    %pushi/vec4 0, 0, 32;
    %store/vec4 v00000000010aa310_0, 0, 32;
T_4.0 ;
    %load/vec4 v00000000010aa310_0;
    %cmpi/s 8, 0, 32;
    %jmp/0xz T_4.1, 5;
    %pushi/vec4 1, 0, 8;
    %load/vec4 v00000000010aa310_0;
    %ix/vec4 4;
    %shiftl 4;
    %store/vec4 v00000000011184b0_0, 0, 8;
    %alloc S_0000000001082f30;
    %vpi_func/s 3 51 "$sformatf", "single req, bit%0d", v00000000010aa310_0 {0 0 0};
    %store/str v00000000010aa1d0_0;
    %fork TD_tb_fixed_pri_arbiter.check, S_0000000001082f30;
    %join;
    %free S_0000000001082f30;
    ; show_stmt_assign_vector: Get l-value for compressed += operand
    %load/vec4 v00000000010aa310_0;
    %pushi/vec4 1, 0, 32;
    %add;
    %cast2;
    %store/vec4 v00000000010aa310_0, 0, 32;
    %jmp T_4.0;
T_4.1 ;
    %end;
    .scope S_00000000010b46b0;
t_0 %join;
    %pushi/vec4 6, 0, 8;
    %store/vec4 v00000000011184b0_0, 0, 8;
    %alloc S_0000000001082f30;
    %pushi/str "bits 1 & 2, expect bit1";
    %store/str v00000000010aa1d0_0;
    %fork TD_tb_fixed_pri_arbiter.check, S_0000000001082f30;
    %join;
    %free S_0000000001082f30;
    %pushi/vec4 129, 0, 8;
    %store/vec4 v00000000011184b0_0, 0, 8;
    %alloc S_0000000001082f30;
    %pushi/str "bits 0 & 7, expect bit0";
    %store/str v00000000010aa1d0_0;
    %fork TD_tb_fixed_pri_arbiter.check, S_0000000001082f30;
    %join;
    %free S_0000000001082f30;
    %pushi/vec4 68, 0, 8;
    %store/vec4 v00000000011184b0_0, 0, 8;
    %alloc S_0000000001082f30;
    %pushi/str "bits 2 & 6, expect bit2";
    %store/str v00000000010aa1d0_0;
    %fork TD_tb_fixed_pri_arbiter.check, S_0000000001082f30;
    %join;
    %free S_0000000001082f30;
    %pushi/vec4 255, 0, 8;
    %store/vec4 v00000000011184b0_0, 0, 8;
    %alloc S_0000000001082f30;
    %pushi/str "all req, expect bit0";
    %store/str v00000000010aa1d0_0;
    %fork TD_tb_fixed_pri_arbiter.check, S_0000000001082f30;
    %join;
    %free S_0000000001082f30;
    %pushi/vec4 254, 0, 8;
    %store/vec4 v00000000011184b0_0, 0, 8;
    %alloc S_0000000001082f30;
    %pushi/str "all but bit0, expect bit1";
    %store/str v00000000010aa1d0_0;
    %fork TD_tb_fixed_pri_arbiter.check, S_0000000001082f30;
    %join;
    %free S_0000000001082f30;
    %pushi/vec4 128, 0, 8;
    %store/vec4 v00000000011184b0_0, 0, 8;
    %alloc S_0000000001082f30;
    %pushi/str "only bit7, expect bit7";
    %store/str v00000000010aa1d0_0;
    %fork TD_tb_fixed_pri_arbiter.check, S_0000000001082f30;
    %join;
    %free S_0000000001082f30;
    %pushi/vec4 84, 0, 8;
    %store/vec4 v00000000011184b0_0, 0, 8;
    %alloc S_0000000001082f30;
    %pushi/str "sparse pattern, expect lowest set bit";
    %store/str v00000000010aa1d0_0;
    %fork TD_tb_fixed_pri_arbiter.check, S_0000000001082f30;
    %join;
    %free S_0000000001082f30;
    %pushi/vec4 0, 0, 8;
    %store/vec4 v00000000011184b0_0, 0, 8;
    %alloc S_0000000001082f30;
    %pushi/str "back to idle";
    %store/str v00000000010aa1d0_0;
    %fork TD_tb_fixed_pri_arbiter.check, S_0000000001082f30;
    %join;
    %free S_0000000001082f30;
    %load/vec4 v0000000001118730_0;
    %cmpi/e 0, 0, 32;
    %jmp/0xz  T_4.2, 4;
    %vpi_call/w 3 85 "$display", "ALL TESTS PASSED" {0 0 0};
    %jmp T_4.3;
T_4.2 ;
    %vpi_call/w 3 87 "$display", "TESTS FAILED: %0d error(s)", v0000000001118730_0 {0 0 0};
T_4.3 ;
    %vpi_call/w 3 89 "$finish" {0 0 0};
    %end;
    .thread T_4;
# The file index is used to find the file name in the following table.
:file_names 5;
    "N/A";
    "<interactive>";
    "-";
    "arbiters/tb_fixed_pri_arbiter.sv";
    "arbiters/fixed_pri_arbiter.sv";
