#! /usr/bin/vvp
:ivl_version "12.0 (stable)";
:ivl_delay_selection "TYPICAL";
:vpi_time_precision + 0;
:vpi_module "/usr/lib/x86_64-linux-gnu/ivl/system.vpi";
:vpi_module "/usr/lib/x86_64-linux-gnu/ivl/vhdl_sys.vpi";
:vpi_module "/usr/lib/x86_64-linux-gnu/ivl/vhdl_textio.vpi";
:vpi_module "/usr/lib/x86_64-linux-gnu/ivl/v2005_math.vpi";
:vpi_module "/usr/lib/x86_64-linux-gnu/ivl/va_math.vpi";
:vpi_module "/usr/lib/x86_64-linux-gnu/ivl/v2009.vpi";
S_0x647545839fc0 .scope package, "$unit" "$unit" 2 1;
 .timescale 0 0;
S_0x6475457fb490 .scope module, "tb_shift_register" "tb_shift_register" 3 1;
 .timescale 0 0;
P_0x647545827160 .param/l "CLK_PERIOD" 1 3 4, +C4<00000000000000000000000000001010>;
P_0x6475458271a0 .param/l "WIDTH" 1 3 3, +C4<00000000000000000000000000001000>;
v0x64754586c670_0 .var "clk", 0 0;
v0x64754586c730_0 .var "dir", 0 0;
v0x64754586c800_0 .var/2s "errors", 31 0;
v0x64754586c8d0_0 .var "load", 0 0;
v0x64754586c9a0_0 .var "parallel_in", 7 0;
v0x64754586ca40_0 .net "parallel_out", 7 0, L_0x64754582dc20;  1 drivers
v0x64754586cb10_0 .var "rst_n", 0 0;
v0x64754586cbe0_0 .var "serial_in", 0 0;
v0x64754586ccb0_0 .net "serial_out", 0 0, L_0x64754586d010;  1 drivers
v0x64754586cd80_0 .var "shift_en", 0 0;
S_0x6475457fb670 .scope autotask, "check" "check" 3 42, 3 42 0, S_0x6475457fb490;
 .timescale 0 0;
v0x64754582e1f0_0 .var "exp_out", 7 0;
v0x64754582f0d0_0 .var "exp_serial", 0 0;
v0x64754582fc40_0 .var/str "label";
v0x647545830950_0 .var "ok", 0 0;
TD_tb_shift_register.check ;
    %delay 1, 0;
    %pushi/vec4 1, 0, 1;
    %store/vec4 v0x647545830950_0, 0, 1;
    %load/vec4 v0x64754586ca40_0;
    %load/vec4 v0x64754582e1f0_0;
    %cmp/ne;
    %jmp/0xz  T_0.0, 6;
    %vpi_call/w 3 47 "$display", "FAIL [%s]: parallel_out=%b (expected %b)", v0x64754582fc40_0, v0x64754586ca40_0, v0x64754582e1f0_0 {0 0 0};
    %pushi/vec4 0, 0, 1;
    %store/vec4 v0x647545830950_0, 0, 1;
T_0.0 ;
    %load/vec4 v0x64754586ccb0_0;
    %load/vec4 v0x64754582f0d0_0;
    %cmp/ne;
    %jmp/0xz  T_0.2, 6;
    %vpi_call/w 3 51 "$display", "FAIL [%s]: serial_out=%b (expected %b)", v0x64754582fc40_0, v0x64754586ccb0_0, v0x64754582f0d0_0 {0 0 0};
    %pushi/vec4 0, 0, 1;
    %store/vec4 v0x647545830950_0, 0, 1;
T_0.2 ;
    %load/vec4 v0x647545830950_0;
    %flag_set/vec4 8;
    %jmp/0xz  T_0.4, 8;
    %vpi_call/w 3 55 "$display", "PASS [%s]: parallel_out=%b serial_out=%b", v0x64754582fc40_0, v0x64754586ca40_0, v0x64754586ccb0_0 {0 0 0};
    %jmp T_0.5;
T_0.4 ;
    ; show_stmt_assign_vector: Get l-value for compressed += operand
    %load/vec4 v0x64754586c800_0;
    %pushi/vec4 1, 0, 32;
    %add;
    %cast2;
    %store/vec4 v0x64754586c800_0, 0, 32;
T_0.5 ;
    %end;
S_0x64754586b950 .scope module, "dut" "shift_register" 3 19, 4 1 0, S_0x6475457fb490;
 .timescale 0 0;
    .port_info 0 /INPUT 1 "clk";
    .port_info 1 /INPUT 1 "rst_n";
    .port_info 2 /INPUT 1 "shift_en";
    .port_info 3 /INPUT 1 "dir";
    .port_info 4 /INPUT 1 "serial_in";
    .port_info 5 /INPUT 8 "parallel_in";
    .port_info 6 /INPUT 1 "load";
    .port_info 7 /OUTPUT 8 "parallel_out";
    .port_info 8 /OUTPUT 1 "serial_out";
P_0x64754586bb50 .param/l "WIDTH" 0 4 2, +C4<00000000000000000000000000001000>;
L_0x64754582dc20 .functor BUFZ 8, v0x64754586c470_0, C4<00000000>, C4<00000000>, C4<00000000>;
v0x647545831bd0_0 .net *"_ivl_3", 0 0, L_0x64754586ce50;  1 drivers
v0x647545832e20_0 .net *"_ivl_5", 0 0, L_0x64754586cf70;  1 drivers
v0x64754584a550_0 .net "clk", 0 0, v0x64754586c670_0;  1 drivers
v0x64754586bde0_0 .net "dir", 0 0, v0x64754586c730_0;  1 drivers
v0x64754586bea0_0 .net "load", 0 0, v0x64754586c8d0_0;  1 drivers
v0x64754586bfb0_0 .net "parallel_in", 7 0, v0x64754586c9a0_0;  1 drivers
v0x64754586c090_0 .net "parallel_out", 7 0, L_0x64754582dc20;  alias, 1 drivers
v0x64754586c170_0 .net "rst_n", 0 0, v0x64754586cb10_0;  1 drivers
v0x64754586c230_0 .net "serial_in", 0 0, v0x64754586cbe0_0;  1 drivers
v0x64754586c2f0_0 .net "serial_out", 0 0, L_0x64754586d010;  alias, 1 drivers
v0x64754586c3b0_0 .net "shift_en", 0 0, v0x64754586cd80_0;  1 drivers
v0x64754586c470_0 .var "shift_reg", 7 0;
E_0x647545835960 .event posedge, v0x64754584a550_0;
L_0x64754586ce50 .part v0x64754586c470_0, 0, 1;
L_0x64754586cf70 .part v0x64754586c470_0, 7, 1;
L_0x64754586d010 .functor MUXZ 1, L_0x64754586cf70, L_0x64754586ce50, v0x64754586c730_0, C4<>;
    .scope S_0x64754586b950;
T_1 ;
    %wait E_0x647545835960;
    %load/vec4 v0x64754586c170_0;
    %nor/r;
    %flag_set/vec4 8;
    %jmp/0xz  T_1.0, 8;
    %pushi/vec4 0, 0, 8;
    %assign/vec4 v0x64754586c470_0, 0;
    %jmp T_1.1;
T_1.0 ;
    %load/vec4 v0x64754586bea0_0;
    %load/vec4 v0x64754586c3b0_0;
    %and;
    %flag_set/vec4 8;
    %jmp/0xz  T_1.2, 8;
    %load/vec4 v0x64754586bde0_0;
    %nor/r;
    %flag_set/vec4 8;
    %jmp/0xz  T_1.4, 8;
    %load/vec4 v0x64754586bfb0_0;
    %parti/s 7, 0, 2;
    %load/vec4 v0x64754586c230_0;
    %concat/vec4; draw_concat_vec4
    %assign/vec4 v0x64754586c470_0, 0;
    %jmp T_1.5;
T_1.4 ;
    %load/vec4 v0x64754586c230_0;
    %load/vec4 v0x64754586bfb0_0;
    %parti/s 7, 1, 2;
    %concat/vec4; draw_concat_vec4
    %assign/vec4 v0x64754586c470_0, 0;
T_1.5 ;
    %jmp T_1.3;
T_1.2 ;
    %load/vec4 v0x64754586bea0_0;
    %flag_set/vec4 8;
    %jmp/0xz  T_1.6, 8;
    %load/vec4 v0x64754586bfb0_0;
    %assign/vec4 v0x64754586c470_0, 0;
    %jmp T_1.7;
T_1.6 ;
    %load/vec4 v0x64754586c3b0_0;
    %load/vec4 v0x64754586bde0_0;
    %nor/r;
    %and;
    %flag_set/vec4 8;
    %jmp/0xz  T_1.8, 8;
    %load/vec4 v0x64754586c470_0;
    %parti/s 7, 0, 2;
    %load/vec4 v0x64754586c230_0;
    %concat/vec4; draw_concat_vec4
    %assign/vec4 v0x64754586c470_0, 0;
    %jmp T_1.9;
T_1.8 ;
    %load/vec4 v0x64754586c3b0_0;
    %load/vec4 v0x64754586bde0_0;
    %and;
    %flag_set/vec4 8;
    %jmp/0xz  T_1.10, 8;
    %load/vec4 v0x64754586c230_0;
    %load/vec4 v0x64754586c470_0;
    %parti/s 7, 1, 2;
    %concat/vec4; draw_concat_vec4
    %assign/vec4 v0x64754586c470_0, 0;
    %jmp T_1.11;
T_1.10 ;
    %load/vec4 v0x64754586c470_0;
    %assign/vec4 v0x64754586c470_0, 0;
T_1.11 ;
T_1.9 ;
T_1.7 ;
T_1.3 ;
T_1.1 ;
    %jmp T_1;
    .thread T_1;
    .scope S_0x6475457fb490;
T_2 ;
    %pushi/vec4 0, 0, 32;
    %store/vec4 v0x64754586c800_0, 0, 32;
    %end;
    .thread T_2, $init;
    .scope S_0x6475457fb490;
T_3 ;
    %pushi/vec4 0, 0, 1;
    %store/vec4 v0x64754586c670_0, 0, 1;
    %end;
    .thread T_3;
    .scope S_0x6475457fb490;
T_4 ;
    %delay 5, 0;
    %load/vec4 v0x64754586c670_0;
    %inv;
    %store/vec4 v0x64754586c670_0, 0, 1;
    %jmp T_4;
    .thread T_4;
    .scope S_0x6475457fb490;
T_5 ;
    %vpi_call/w 3 37 "$dumpfile", "tb_shift_register.vcd" {0 0 0};
    %vpi_call/w 3 38 "$dumpvars", 32'sb00000000000000000000000000000000, S_0x6475457fb490 {0 0 0};
    %end;
    .thread T_5;
    .scope S_0x6475457fb490;
T_6 ;
    %vpi_call/w 3 61 "$display", "Starting shift_register testbench..." {0 0 0};
    %pushi/vec4 0, 0, 1;
    %store/vec4 v0x64754586cb10_0, 0, 1;
    %pushi/vec4 0, 0, 1;
    %store/vec4 v0x64754586cd80_0, 0, 1;
    %pushi/vec4 0, 0, 1;
    %store/vec4 v0x64754586c730_0, 0, 1;
    %pushi/vec4 0, 0, 1;
    %store/vec4 v0x64754586cbe0_0, 0, 1;
    %pushi/vec4 0, 0, 8;
    %store/vec4 v0x64754586c9a0_0, 0, 8;
    %pushi/vec4 0, 0, 1;
    %store/vec4 v0x64754586c8d0_0, 0, 1;
    %wait E_0x647545835960;
    %wait E_0x647545835960;
    %pushi/vec4 1, 0, 1;
    %store/vec4 v0x64754586cb10_0, 0, 1;
    %wait E_0x647545835960;
    %alloc S_0x6475457fb670;
    %pushi/vec4 0, 0, 8;
    %store/vec4 v0x64754582e1f0_0, 0, 8;
    %pushi/vec4 0, 0, 1;
    %store/vec4 v0x64754582f0d0_0, 0, 1;
    %pushi/str "after reset";
    %store/str v0x64754582fc40_0;
    %fork TD_tb_shift_register.check, S_0x6475457fb670;
    %join;
    %free S_0x6475457fb670;
    %pushi/vec4 173, 0, 8;
    %store/vec4 v0x64754586c9a0_0, 0, 8;
    %pushi/vec4 1, 0, 1;
    %store/vec4 v0x64754586c8d0_0, 0, 1;
    %wait E_0x647545835960;
    %delay 1, 0;
    %pushi/vec4 0, 0, 1;
    %store/vec4 v0x64754586c8d0_0, 0, 1;
    %alloc S_0x6475457fb670;
    %pushi/vec4 173, 0, 8;
    %store/vec4 v0x64754582e1f0_0, 0, 8;
    %pushi/vec4 1, 0, 1;
    %store/vec4 v0x64754582f0d0_0, 0, 1;
    %pushi/str "after parallel load";
    %store/str v0x64754582fc40_0;
    %fork TD_tb_shift_register.check, S_0x6475457fb670;
    %join;
    %free S_0x6475457fb670;
    %pushi/vec4 0, 0, 1;
    %store/vec4 v0x64754586c730_0, 0, 1;
    %pushi/vec4 1, 0, 1;
    %store/vec4 v0x64754586cbe0_0, 0, 1;
    %pushi/vec4 1, 0, 1;
    %store/vec4 v0x64754586cd80_0, 0, 1;
    %wait E_0x647545835960;
    %delay 1, 0;
    %pushi/vec4 0, 0, 1;
    %store/vec4 v0x64754586cd80_0, 0, 1;
    %alloc S_0x6475457fb670;
    %pushi/vec4 91, 0, 8;
    %store/vec4 v0x64754582e1f0_0, 0, 8;
    %pushi/vec4 0, 0, 1;
    %store/vec4 v0x64754582f0d0_0, 0, 1;
    %pushi/str "after 1 left shift, serial_in=1";
    %store/str v0x64754582fc40_0;
    %fork TD_tb_shift_register.check, S_0x6475457fb670;
    %join;
    %free S_0x6475457fb670;
    %pushi/vec4 0, 0, 1;
    %store/vec4 v0x64754586cbe0_0, 0, 1;
    %pushi/vec4 1, 0, 1;
    %store/vec4 v0x64754586cd80_0, 0, 1;
    %wait E_0x647545835960;
    %delay 1, 0;
    %pushi/vec4 0, 0, 1;
    %store/vec4 v0x64754586cd80_0, 0, 1;
    %alloc S_0x6475457fb670;
    %pushi/vec4 182, 0, 8;
    %store/vec4 v0x64754582e1f0_0, 0, 8;
    %pushi/vec4 1, 0, 1;
    %store/vec4 v0x64754582f0d0_0, 0, 1;
    %pushi/str "after 2nd left shift, serial_in=0";
    %store/str v0x64754582fc40_0;
    %fork TD_tb_shift_register.check, S_0x6475457fb670;
    %join;
    %free S_0x6475457fb670;
    %pushi/vec4 30, 0, 8;
    %store/vec4 v0x64754586c9a0_0, 0, 8;
    %pushi/vec4 1, 0, 1;
    %store/vec4 v0x64754586c8d0_0, 0, 1;
    %wait E_0x647545835960;
    %delay 1, 0;
    %pushi/vec4 0, 0, 1;
    %store/vec4 v0x64754586c8d0_0, 0, 1;
    %alloc S_0x6475457fb670;
    %pushi/vec4 30, 0, 8;
    %store/vec4 v0x64754582e1f0_0, 0, 8;
    %pushi/vec4 0, 0, 1;
    %store/vec4 v0x64754582f0d0_0, 0, 1;
    %pushi/str "after reload for right shift test";
    %store/str v0x64754582fc40_0;
    %fork TD_tb_shift_register.check, S_0x6475457fb670;
    %join;
    %free S_0x6475457fb670;
    %pushi/vec4 1, 0, 1;
    %store/vec4 v0x64754586c730_0, 0, 1;
    %pushi/vec4 1, 0, 1;
    %store/vec4 v0x64754586cbe0_0, 0, 1;
    %pushi/vec4 1, 0, 1;
    %store/vec4 v0x64754586cd80_0, 0, 1;
    %wait E_0x647545835960;
    %delay 1, 0;
    %pushi/vec4 0, 0, 1;
    %store/vec4 v0x64754586cd80_0, 0, 1;
    %alloc S_0x6475457fb670;
    %pushi/vec4 143, 0, 8;
    %store/vec4 v0x64754582e1f0_0, 0, 8;
    %pushi/vec4 1, 0, 1;
    %store/vec4 v0x64754582f0d0_0, 0, 1;
    %pushi/str "after 1 right shift, serial_in=1";
    %store/str v0x64754582fc40_0;
    %fork TD_tb_shift_register.check, S_0x6475457fb670;
    %join;
    %free S_0x6475457fb670;
    %wait E_0x647545835960;
    %alloc S_0x6475457fb670;
    %pushi/vec4 143, 0, 8;
    %store/vec4 v0x64754582e1f0_0, 0, 8;
    %pushi/vec4 1, 0, 1;
    %store/vec4 v0x64754582f0d0_0, 0, 1;
    %pushi/str "hold, shift_en=0";
    %store/str v0x64754582fc40_0;
    %fork TD_tb_shift_register.check, S_0x6475457fb670;
    %join;
    %free S_0x6475457fb670;
    %pushi/vec4 195, 0, 8;
    %store/vec4 v0x64754586c9a0_0, 0, 8;
    %pushi/vec4 1, 0, 1;
    %store/vec4 v0x64754586cbe0_0, 0, 1;
    %pushi/vec4 0, 0, 1;
    %store/vec4 v0x64754586c730_0, 0, 1;
    %pushi/vec4 1, 0, 1;
    %store/vec4 v0x64754586c8d0_0, 0, 1;
    %pushi/vec4 1, 0, 1;
    %store/vec4 v0x64754586cd80_0, 0, 1;
    %wait E_0x647545835960;
    %delay 1, 0;
    %pushi/vec4 0, 0, 1;
    %store/vec4 v0x64754586c8d0_0, 0, 1;
    %pushi/vec4 0, 0, 1;
    %store/vec4 v0x64754586cd80_0, 0, 1;
    %alloc S_0x6475457fb670;
    %pushi/vec4 135, 0, 8;
    %store/vec4 v0x64754582e1f0_0, 0, 8;
    %pushi/vec4 1, 0, 1;
    %store/vec4 v0x64754582f0d0_0, 0, 1;
    %pushi/str "load+shift simultaneously, dir=left";
    %store/str v0x64754582fc40_0;
    %fork TD_tb_shift_register.check, S_0x6475457fb670;
    %join;
    %free S_0x6475457fb670;
    %pushi/vec4 195, 0, 8;
    %store/vec4 v0x64754586c9a0_0, 0, 8;
    %pushi/vec4 0, 0, 1;
    %store/vec4 v0x64754586cbe0_0, 0, 1;
    %pushi/vec4 1, 0, 1;
    %store/vec4 v0x64754586c730_0, 0, 1;
    %pushi/vec4 1, 0, 1;
    %store/vec4 v0x64754586c8d0_0, 0, 1;
    %pushi/vec4 1, 0, 1;
    %store/vec4 v0x64754586cd80_0, 0, 1;
    %wait E_0x647545835960;
    %delay 1, 0;
    %pushi/vec4 0, 0, 1;
    %store/vec4 v0x64754586c8d0_0, 0, 1;
    %pushi/vec4 0, 0, 1;
    %store/vec4 v0x64754586cd80_0, 0, 1;
    %alloc S_0x6475457fb670;
    %pushi/vec4 97, 0, 8;
    %store/vec4 v0x64754582e1f0_0, 0, 8;
    %pushi/vec4 1, 0, 1;
    %store/vec4 v0x64754582f0d0_0, 0, 1;
    %pushi/str "load+shift simultaneously, dir=right";
    %store/str v0x64754582fc40_0;
    %fork TD_tb_shift_register.check, S_0x6475457fb670;
    %join;
    %free S_0x6475457fb670;
    %pushi/vec4 105, 0, 8;
    %store/vec4 v0x64754586c9a0_0, 0, 8;
    %pushi/vec4 0, 0, 1;
    %store/vec4 v0x64754586c730_0, 0, 1;
    %pushi/vec4 1, 0, 1;
    %store/vec4 v0x64754586cbe0_0, 0, 1;
    %pushi/vec4 1, 0, 1;
    %store/vec4 v0x64754586c8d0_0, 0, 1;
    %pushi/vec4 0, 0, 1;
    %store/vec4 v0x64754586cd80_0, 0, 1;
    %wait E_0x647545835960;
    %pushi/vec4 0, 0, 1;
    %store/vec4 v0x64754586cbe0_0, 0, 1;
    %delay 1, 0;
    %pushi/vec4 0, 0, 1;
    %store/vec4 v0x64754586c8d0_0, 0, 1;
    %alloc S_0x6475457fb670;
    %pushi/vec4 105, 0, 8;
    %store/vec4 v0x64754582e1f0_0, 0, 8;
    %pushi/vec4 0, 0, 1;
    %store/vec4 v0x64754582f0d0_0, 0, 1;
    %pushi/str "load only, serial_in toggles, shift_en deasserted";
    %store/str v0x64754582fc40_0;
    %fork TD_tb_shift_register.check, S_0x6475457fb670;
    %join;
    %free S_0x6475457fb670;
    %pushi/vec4 0, 0, 1;
    %store/vec4 v0x64754586cb10_0, 0, 1;
    %wait E_0x647545835960;
    %delay 1, 0;
    %pushi/vec4 1, 0, 1;
    %store/vec4 v0x64754586cb10_0, 0, 1;
    %alloc S_0x6475457fb670;
    %pushi/vec4 0, 0, 8;
    %store/vec4 v0x64754582e1f0_0, 0, 8;
    %pushi/vec4 0, 0, 1;
    %store/vec4 v0x64754582f0d0_0, 0, 1;
    %pushi/str "after mid-operation reset";
    %store/str v0x64754582fc40_0;
    %fork TD_tb_shift_register.check, S_0x6475457fb670;
    %join;
    %free S_0x6475457fb670;
    %delay 10, 0;
    %load/vec4 v0x64754586c800_0;
    %cmpi/e 0, 0, 32;
    %jmp/0xz  T_6.0, 4;
    %vpi_call/w 3 167 "$display", "ALL TESTS PASSED" {0 0 0};
    %jmp T_6.1;
T_6.0 ;
    %vpi_call/w 3 169 "$display", "TESTS FAILED: %0d error(s)", v0x64754586c800_0 {0 0 0};
T_6.1 ;
    %vpi_call/w 3 171 "$finish" {0 0 0};
    %end;
    .thread T_6;
# The file index is used to find the file name in the following table.
:file_names 5;
    "N/A";
    "<interactive>";
    "-";
    "tb_shift_register.sv";
    "shift_register.sv";
